// Jest Snapshot v1, https://goo.gl/fbAQLP

exports[`User Reducer User Reducer initial should match a snapshot 1`] = `
Object {
  "name": null,
}
`;
