// Jest Snapshot v1, https://goo.gl/fbAQLP

exports[`Times Reducer initial state should match a snapshot 1`] = `
Object {
  "data": Array [],
  "isLoading": true,
}
`;
