// Jest Snapshot v1, https://goo.gl/fbAQLP

exports[`<GlobalHeader /> should match snapshot 1`] = `
<Adapter
  className="header"
>
  <Icon
    className="trigger"
    onClick={[MockFunction]}
    type="menu-fold"
  />
</Adapter>
`;
